2026-09-16 rejected structure home: seven-stop restructure (pinned horizontal programmes, numbers ledger, project strip, gutter trail, oversized type). Owner: "not the site". Kept only the full-bleed hero and the belief row.
2026-09-17 rejected scope home: motion-only refinement inside the existing layout. Owner: "good job on the animation but you did not deliver the awwwards design standard".
2026-09-17 pending-review structure home: editorial chapter grid (numbered chapters, hairline column rules, framed hero with corner notes, programmes as an index, figures with count-up and photograph, serif marquee, belief photo bleeding right). Same identity, copy and photographs. Awaiting the owner's verdict.
2026-09-17 pending-review hero home: frame-opening reveal from a clipped inset to full bleed, plus pointer drift on fine pointers.
2026-09-17 kept assets home: no photograph on the programmes index because Community enterprise has no honest image in the pool; typographic index chosen over a three-of-four photo grid.
2026-09-17 rejected motion home: serif marquee at up to 2.25rem. Owner: "reduce the size of the marquee". Now up to 1.25rem.
2026-09-17 rejected motion home: count-up on the figures. Owner: "i dont like the way the stats in the in numbers section are appearing". Reverted to the mask rise from pass 1, layout kept.
2026-09-17 kept motion site: curtain first on a hard load, hold until fonts and hero image, then reveal. Owner: "the page shows first then the animation ... rather have the page transition thing show first".
2026-09-17 kept motion chrome: nav settles in once with the first reveal; footer columns rise once. Owner asked whether nav and footer should animate; answered lightly, yes.
2026-09-17 kept scale home: primary green buttons at the large size (48px, 13px label). Owner: "make the green buttons in the home page a little bit bigger".
2026-09-17 rejected structure about: chapter 03 as a split (small round portrait left, quote right). Owner: "i dont like how you designed it". Rebuilt as a full-width statement with the portrait as a byline.
2026-09-17 kept layout about: trustee portraits stretch to the height of the text beside them. Owner will replace the images.
2026-09-17 rejected type site: drop cap on pages other than home. Owner: "only use the drop cap in the home page".
2026-09-17 pending-review structure about: framed hero, plain lede, legacy with left-bleeding square photo, statement quote, three principles, trustee rows with full biographies, invitation with field photographs.
2026-09-17 rejected layout about: portrait as a small byline beside the chapter mark in 03. Owner: "quite small and wrongly placed. make it larger and the text can overlap it". Now the right half of the chapter, bleeding to the edge, quote running over its shaded left side.
2026-09-17 kept layout about: chapter 03 portrait as a panel the full height of the chapter, right half, to the viewport edge, quote over its shaded side. Owner: "let the image touch the top and bottom of the section".
2026-09-17 kept layout about: each trustee portrait is its own grid cell, so its height is exactly its row's text height and differs row to row; arrives with a fade rather than a top-down unmask so it never reads shorter than the text. Owner: "not all images should have the same height ... Peter Mwangi Karanja section image is smaller than the text".
2026-09-17 rejected chrome about: hairline frame and corner notes on the About hero. Owner: "remove the bordered div and remove nairobi, kenya, amboseli ecosystem etc". Home hero keeps them.
2026-09-17 kept assets about: Peter Mwangi Karanja portrait cropped with focus 50% 92% and zoom 1.25 to push the cream border baked into the file out of frame; owner will replace the photographs.
2026-09-17 rejected assets about: zoom on Peter Mwangi Karanja portrait to hide the cream border. Owner: "if the image has cream bands baked in leave it, i will change it later". Zoom field removed from the image type.
2026-09-17 pending-review structure our-work: four programme chapters as alternating spreads (photo to the edge, text opposite, light/deep), field projects as dated rows under each, contents list in the opening instead of a chip bar, left-aligned invitation with both links. Awaiting the owner.
2026-09-17 kept engineering site: in-page navigation computes its target from window.scrollY and resyncs Lenis before animating; lenis.scrollTo(element) is unsafe right after a native scroll.
2026-09-17 kept motion our-work: photograph pinned per programme chapter while its text scrolls, released when the text ends (ScrollTrigger pin, pinSpacing off, large screens only, not under reduced motion). Owner: "stop the image and scroll the text for each program".
2026-09-17 rejected motion our-work: per-chapter pinned photograph (one pin per spread). Owner: "i expected the images on one side and text on the other ... images positioned absolutely on top of each other. when a user scrolls to the next program, the image slides or wipes up".
2026-09-17 kept motion our-work: one pinned column of stacked photographs on the left, texts on the right, each photograph sliding up over the previous as its text arrives; all photographs the same size by construction (owner: "the images will have the same heights to make this look seamless").
2026-09-17 rejected motion our-work: photographs sliding up (translate) in the pinned column. Owner: "instead of images sliding in, they should wipe in / reveal the images in a wiping manner". Now a bottom-up clip-path wipe with a slight inner settle.
2026-09-17 kept motion our-work: reading drift on the photograph on show, mark and body entrances per text, outgoing text fade on desktop. Owner: "add animation to the images and the text as well".
2026-09-17 kept layout our-work: text column offset one beat (24svh) below the pinned photograph column so the photograph reaches the top first. Owner: "offset the position of the image and the text. they should not reach the top at the same time. the image should reach first especially for the first program".
2026-09-17 rejected structure our-work: the four programme links listed in the opening beside the lede. Owner: "i dont like the 4 listed program links in the section after the hero section".
2026-09-17 kept structure our-work: thumbnail rail at the far right of the pinned section, centred, one thumbnail per programme, active state follows scroll, click jumps to the programme (owner: "like in a carousel. use small image thumbnails").
2026-09-17 rejected motion our-work: wipe scrubbed to scroll position. Owner: "instead of the image wipe animation to wait and animate with scroll, let it snap once it has started to reveal the image". Now a triggered one-second play that reverses on the way back.
2026-09-17 fixed our-work: the English page now calls setRequestLocale before getTranslations; the owner hit the "could not be rendered statically because it used headers" overlay.
2026-09-17 kept motion our-work: triggered one-second wipe (play on enter, reverse on leave-back). Owner: "the snap is perfect. i have seen it after reloading the page". An interim revert to the scrubbed wipe was undone.
2026-09-17 kept layout our-work: rail of square thumbnails fixed at the far right on the header's line, centred on the pinned column, shown only while the column is pinned. Owner: "move them to the far right. align with the nav", "make them square".
2026-09-17 kept structure our-work: closing summary chapter (05 "In short", one paragraph, deep tone) between the programmes and the invitation. Owner asked for a summary of the page before the CTA, then for one paragraph instead of two.
2026-09-17 pending-review structure impact: plain lede in place of the italic pull quote, figures as a ledger on ink, emergency response as a spread with its field projects, meanings led by programme photographs linking to Our Work. Awaiting the owner.
2026-09-17 kept engineering site: hash routes land on their element after the page entrance (Layout), instead of resetting to top or landing 40px short.
2026-09-17 rejected layout site: no-photograph invitation with the title bottom-aligned to the links. Owner: "aligned to the bottom instead of top". Title and text now share the top edge (Impact and Our Work invitations).
2026-09-18 pending-review structure get-involved: plain lede, ways to help as a photographed action index with destination labels, tourism as a left-hand spread with its field project, invitation kept. Awaiting the owner.
2026-09-18 kept layout site: in a story spread the photograph stands as tall as the text beside it (Get Involved tourism, Impact emergency response). Owner: "make the height of the image the same as the height of the text ... the image on the left same height vs the content on the right".
2026-09-18 pending-review structure projects: flagship chapter on ink (full-width photograph, write-up opening, housed-camps figure, sponsorship panel, five field photographs) ahead of a nine-entry archive grid; project pages render the full write-up. Owner asked to emphasise Dignity Housing.
2026-09-18 rejected motion our-work: pin look-ahead (anticipatePin) making the column snap to its line under smooth scroll. Owner: "it snaps in place to its sticky position. i dont like that. i want it to stick naturally". Removed.
2026-09-18 kept motion our-work: wipe, incoming zoom, outgoing recede and shade on one duration and curve; drift continues the settle in the same direction; first entrance wipes bottom-up with zoom in step. Owner: "sync the wipe up animation of the images with the zoom".
2026-09-18 pending-review structure donate: project-led giving. Donate page: hero, opening line, six project cards with reported progress, a gift where it is needed most, your gift. One page per project (/donate/<slug>): story with progress, field photographs, an itemised ledger of things to sponsor, a gift of any amount, your gift with the checkout. Awaiting the owner.
2026-09-18 kept payments donate: Paystack (cards and M-Pesa) is the only processor, offered once NEXT_PUBLIC_PAYSTACK_PUBLIC_KEY is set; PayPal removed with its package. Owner: "i will be connecting the donations to paystack", "remove paypal completely". PayPal had already stopped recognising the client ID in the old page.
2026-09-18 rejected layout donate: sponsorship items as a three-column card grid. Owner: "i dont like the way items in the 03 Sponsor an item section have been listed ... explore a creative way". Replaced by the itemised ledger (numbered rows on hairlines, amount column, add/stepper) beside a pinned photograph that shows an item’s own photograph while its row is pointed at.
2026-09-18 kept content donate: no invented costs. Only the US$14,000 house is verified; every other amount is estimate:true in data.json and listed for review in docs/superpowers/specs/2026-09-18-donate-proposal.md; nothing on the page claims an item costs the amount shown.
2026-09-18 rejected motion donate: the ledger photograph swapping to an item's own photograph with a wipe as its row was pointed at. Owner: "just have one image instead of the multiple images and remove the wipe animation". One still photograph of the project now stands beside the list; the item images left the data.
2026-09-18 kept engineering donate: the ledger photograph is held by CSS position: sticky (top 6rem, the chapters' line), not a ScrollTrigger pin. Owner: "remove the snapping and let the element stick naturally on scroll". Under Lenis a pin lands a frame late and reads as a snap; sticky is computed per frame by the browser.
2026-09-18 pending-review structure errors: 404 and error pages as one chapter on ink whose numeral is the status code (404 / 500), the heading rising word by word, a line of explanation, the action, and on the right the ways through the site as a hairline index. Replaced the English-only 404 with a faint background numeral. Awaiting the owner.
2026-09-18 kept engineering errors: the static export has one 404.html for three languages, so app/not-found.tsx renders all three and the stylesheet shows the block matching <html lang>, which the root head script sets from the URL before first paint; no flash, no hydration mismatch. Segment error boundaries in (en) and [locale] share ErrorState; global-error.tsx is plain English with system fallbacks. Folders starting with an underscore are private in the App Router, so the throwing test route had to be named boom-test (deleted after the check).
2026-09-18 kept engineering site: output: 'export' now applies to production builds only. With it on in development the dev server refused any URL outside generateStaticParams with the E443 overlay (the owner hit it twice on /donate/<unknown>); with dynamicParams = false on every dynamic page the dev server now serves the 404 page. Static-rendering violations (headers() and the like) surface at build time instead, so the sibling production build stays part of every pass.
2026-09-18 pending-review structure contact: hero and opening line from the page's own block, then one chapter with the ways to reach the foundation (email, social, place) on the left four columns and the letter on the right seven, closing with the home invitation without its portraits. Replaced the split ink/paper panel with the tree-planting photograph and a mailto form. Awaiting the owner.
2026-09-18 kept engineering contact: the form posts JSON to NEXT_PUBLIC_CONTACT_ENDPOINT, a Web-standard function (server/contact/handler.ts, adapters for Vercel, Netlify and Cloudflare) that validates, drops honeypot fills, rate-limits and sends one email through Resend's HTTP API with the visitor as reply-to. Owner first said "resend smtp", then "i dont want php anywhere in this project, ill use the api for sending mail": the function uses Resend's HTTP API and the WordPress alternative was removed. The form always sends this way (default endpoint /api/contact; the owner: "the send button should not open a mail app"); a failed send keeps the message in the fields and shows the foundation's address.
2026-09-18 kept structure donate: the project pages carry one line on the project (the summary as the heading), the reported progress, a button down to the items and a link out to the project's own page; the multi-paragraph story is gone. Owner: "i dont want long descriptions for the project ... a link that takes them to the project page ... a button or a link that will scroll the user to the sponsor an item section".
2026-09-18 kept payments donate: US dollars only. Owner: "we have a dollar account and will be using paystack to accept dollars so dont use kenya shillings". Shilling rate and presets removed from the data; the checkout button says card, not M-Pesa.
2026-09-18 kept engineering site: no PHP anywhere. Owner: "i dont want php anywhere in this project, ill use the api for sending mail". The WordPress contact plugin and the SMTP notes were removed; the contact function's Resend HTTP API call stays.
2026-09-18 kept assets site: the owner's Cropframe handoff (handoff.md / handoff.json, crops exported at 2x into public/<page>/) applied slot by slot: home hero -> /index/give.webp, About hero -> /about/13-scaled.webp, Get Involved row thumbnail -> /get-involved/13-scaled.webp, Projects archive card -> /projects/13-scaled.webp. The archive card and the field-project rows read a new per-project `thumbnail`; the project's own page and the flagship keep the full-size featured photograph, so a 736px crop never fills a hero.
2026-09-22 pending-review content about: a fourth chapter on About after the quote panel, "The elephant who carries the name": the Amboseli bull elephant named after Luigi Francescon, his mother Lemlepo and the LD family, nine in May 2026. A content block rendered by a new Namesake component mirroring the legacy chapter; the quote panel could not carry sixty words. The home hero elephant herd stands in for a photograph of Luigi on the owner's instruction. Awaiting the owner.
2026-09-22 pending-review content projects: Dignity Housing retold across Amboseli, Nairobi and Samburu, with the Samburu build (eight units, groundbreaking to the Governor's opening) as its closing chapter. Awaiting the owner.
2026-09-22 pending-review content projects: six projects added to the archive from the 2022-2026 Facebook record — Ubuntu Hay, Ubuntu Smiles, the Outdoor Classroom Series, the Nanare Art Challenge, Living Safely With Wildlife, Mazingira Day. Field entries use the slug as id, no databaseId, empty typesOfProjects; one wordless placeholder image with "Photograph to come" alt text naming the source post. Awaiting the owner.
2026-09-22 kept content site: no invented figures. The housing figure moves from 4 of 25 to 6 of 25 only because the owner instructed it from the foundation's own 17 Oct 2025 post, and it stays a Nairobi figure with Samburu named beside it; the impact figures and the elephant's birth year stay unpublished until the foundation confirms them; ifaw is credited on the owner's instruction. Extends the donate pass's no-invented-costs rule to content.
2026-09-22 kept content projects: the legacy WordPress projects are not removed. Dignity Tailors, the Ushanga shop, the OYC Choir, the COVID-19 livelihoods work, the boots handover and the Lake Nakuru clean-up predate the Facebook record; absence from the research is not evidence they ended.
2026-09-23 kept content about: the elephant's age corrected on the owner's instruction, given three times: Luigi turned nine in May 2025 and is ten in 2026. The research pack's capture log had dated the post to 2026; the owner's knowledge outranks the pack. The site draws no connection to 2016.
